BL51 BANKED LINKER/LOCATER V6.22.2.0                                                    12/13/2019  15:20:31  PAGE 1


BL51 BANKED LINKER/LOCATER V6.22.2.0, INVOKED BY:
D:\CREATING\PROTEUS+KEIL\KEIL_C51\C51\BIN\BL51.EXE .\Objects\test.obj TO .\Objects\test PRINT (.\Listings\test.m51) RAMS
>> IZE (256)


MEMORY MODEL: SMALL


INPUT MODULES INCLUDED:
  .\Objects\test.obj (TEST)
  D:\CREATING\PROTEUS+KEIL\KEIL_C51\C51\LIB\C51S.LIB (?C_STARTUP)
  D:\CREATING\PROTEUS+KEIL\KEIL_C51\C51\LIB\C51S.LIB (?C_INIT)


LINK MAP OF MODULE:  .\Objects\test (TEST)


            TYPE    BASE      LENGTH    RELOCATION   SEGMENT NAME
            -----------------------------------------------------

            * * * * * * *   D A T A   M E M O R Y   * * * * * * *
            REG     0000H     0008H     ABSOLUTE     "REG BANK 0"
            DATA    0008H     0004H     UNIT         ?DT?TEST
            IDATA   000CH     0001H     UNIT         ?STACK

            * * * * * * *   C O D E   M E M O R Y   * * * * * * *
            CODE    0000H     0003H     ABSOLUTE     
            CODE    0003H     0020H     UNIT         ?PR?MAIN?TEST
                    0023H     0008H                  *** GAP ***
            CODE    002BH     0003H     ABSOLUTE     
            CODE    002EH     008CH     UNIT         ?C_C51STARTUP
            CODE    00BAH     002BH     UNIT         ?PR?TIMER2INT?TEST
            CODE    00E5H     0009H     UNIT         ?C_INITSEG



OVERLAY MAP OF MODULE:   .\Objects\test (TEST)


SEGMENT
  +--> CALLED SEGMENT
---------------------
?C_C51STARTUP
  +--> ?PR?MAIN?TEST
  +--> ?C_INITSEG



SYMBOL TABLE OF MODULE:  .\Objects\test (TEST)

  VALUE           TYPE          NAME
  ----------------------------------

  -------         MODULE        TEST
  C:0000H         SYMBOL        _ICE_DUMMY_
  D:0090H         PUBLIC        P1
  D:00A0H         PUBLIC        P2
  D:00B0H         PUBLIC        P3
BL51 BANKED LINKER/LOCATER V6.22.2.0                                                  12/13/2019  15:20:31  PAGE 2


  D:00A8H         PUBLIC        IE
  D:00B8H         PUBLIC        IP
  D:00CBH         PUBLIC        RCAP2H
  D:0081H         PUBLIC        SP
  C:00BAH         PUBLIC        timer2int
  D:00CAH         PUBLIC        RCAP2L
  C:0003H         PUBLIC        main
  D:0008H         PUBLIC        count
  D:0098H         PUBLIC        SCON
  D:0088H         PUBLIC        TCON
  D:000AH         PUBLIC        min
  D:00CDH         PUBLIC        TH2
  D:00CCH         PUBLIC        TL2
  B:00C8H.2       PUBLIC        TR2
  D:00C9H         PUBLIC        T2MOD
  D:00C8H         PUBLIC        T2CON
  D:00D0H         PUBLIC        PSW
  -------         PROC          MAIN
  C:0003H         LINE#         7
  C:0003H         LINE#         8
  C:0006H         LINE#         9
  C:0009H         LINE#         10
  C:000BH         LINE#         11
  C:000DH         LINE#         12
  C:0010H         LINE#         13
  C:0013H         LINE#         14
  C:0016H         LINE#         15
  C:0019H         LINE#         16
  C:001CH         LINE#         17
  C:001FH         LINE#         18
  C:0021H         LINE#         19
  -------         ENDPROC       MAIN
  -------         PROC          TIMER2INT
  C:00BAH         LINE#         21
  C:00BEH         LINE#         22
  C:00C6H         LINE#         23
  C:00CFH         LINE#         24
  C:00CFH         LINE#         25
  C:00D2H         LINE#         26
  C:00DAH         LINE#         27
  C:00E0H         LINE#         28
  C:00E0H         LINE#         29
  -------         ENDPROC       TIMER2INT
  -------         ENDMOD        TEST

Program Size: data=13.0 xdata=0 code=230
LINK/LOCATE RUN COMPLETE.  0 WARNING(S),  0 ERROR(S)
